../Core/Src/main.c:75:6:delay	16	static
../Core/Src/main.c:80:6:Set_Pin_Output	40	static
../Core/Src/main.c:88:6:Set_Pin_Input	40	static
../Core/Src/main.c:96:6:ADC_Select_CH0	24	static
../Core/Src/main.c:110:6:ADC_Select_CH1	24	static
../Core/Src/main.c:124:6:ADC_Select_CH4	24	static
../Core/Src/main.c:146:5:main	120	static
../Core/Src/main.c:280:6:SystemClock_Config	88	static
../Core/Src/main.c:327:13:MX_ADC1_Init	24	static
../Core/Src/main.c:397:13:MX_TIM1_Init	32	static
../Core/Src/main.c:443:13:MX_USART1_UART_Init	8	static
../Core/Src/main.c:476:13:MX_USART2_UART_Init	8	static
../Core/Src/main.c:509:13:MX_GPIO_Init	48	static
../Core/Src/main.c:559:6:Error_Handler	4	static,ignoring_inline_asm
